\BOOKMARK [0][-]{chapter.1}{\376\377\004\022\004\062\004\065\004\064\004\065\004\075\004\070\004\065}{}% 1
\BOOKMARK [1][-]{section.1.1}{\376\377\004\036\004\061\004\100\004\060\004\061\004\076\004\102\004\072\004\060\000\040\004\101\004\070\004\063\004\075\004\060\004\073\004\076\004\062\000\040\004\076\004\101\004\075\004\076\004\062\004\060\004\075\004\075\004\060\004\117\000\040\004\075\004\060\000\040\004\102\004\065\004\075\004\067\004\076\004\100\004\075\004\076\004\071\000\040\004\060\004\073\004\063\004\065\004\061\004\100\004\065}{chapter.1}% 2
\BOOKMARK [2][-]{subsection.1.1.1}{\376\377\000P\000A\000R\000A\000T\000U\000C\000K\0002}{section.1.1}% 3
\BOOKMARK [1][-]{section.1.2}{\376\377\004\036\004\061\004\076\004\061\004\111\004\065\004\075\004\075\004\076\004\065\000\040\004\107\004\060\004\101\004\102\004\076\004\102\004\075\004\076\004\065\000\040\004\100\004\060\004\067\004\064\004\065\004\073\004\065\004\075\004\070\004\065\000\040\004\072\004\060\004\075\004\060\004\073\004\076\004\062}{chapter.1}% 4
\BOOKMARK [2][-]{subsection.1.2.1}{\376\377\004\037\004\100\004\070\004\075\004\106\004\070\004\077\000\040\004\072\004\076\004\075\004\101\004\102\004\100\004\103\004\070\004\100\004\076\004\062\004\060\004\075\004\070\004\117\000\040\004\075\004\070\004\067\004\072\004\076\004\107\004\060\004\101\004\102\004\076\004\102\004\075\004\076\004\063\004\076\000\040\004\104\004\070\004\073\004\114\004\102\004\100\004\060}{section.1.2}% 5
\BOOKMARK [1][-]{section.1.3}{\376\377\004\030\004\102\004\065\004\100\004\060\004\102\004\070\004\062\004\075\004\113\004\071\000\040\004\060\004\073\004\063\004\076\004\100\004\070\004\102\004\074\000\040\004\101\000\040\004\074\004\117\004\063\004\072\004\070\004\074\000\040\004\077\004\076\004\100\004\076\004\063\004\076\004\074}{chapter.1}% 6
\BOOKMARK [0][-]{chapter.2}{\376\377\004\036\004\061\004\047\004\040\004\032\000\040\004\062\000\040\004\101\004\070\004\101\004\102\004\065\004\074\004\065\000\040\004\101\000\040\004\076\004\064\004\075\004\076\004\071\000\040\004\077\004\065\004\100\004\065\004\064\004\060\004\116\004\111\004\065\004\071\000\040\004\070\000\040\004\076\004\064\004\075\004\076\004\071\000\040\004\077\004\100\004\070\004\065\004\074\004\075\004\076\004\071\000\040\004\060\004\075\004\102\004\065\004\075\004\075\004\076\004\071}{}% 7
\BOOKMARK [1][-]{section.2.1}{\376\377\004\034\004\076\004\064\004\065\004\073\004\114\000\040\004\101\004\070\004\101\004\102\004\065\004\074\004\113}{chapter.2}% 8
\BOOKMARK [1][-]{section.2.2}{\376\377\004\032\004\060\004\075\004\060\004\073\000\040\004\101\000\040\004\060\004\064\004\064\004\070\004\102\004\070\004\062\004\075\004\113\004\074\000\040\004\061\004\065\004\073\004\113\004\074\000\040\004\063\004\060\004\103\004\101\004\101\004\076\004\062\004\113\004\074\000\040\004\110\004\103\004\074\004\076\004\074}{chapter.2}% 9
\BOOKMARK [2][-]{subsection.2.2.1}{\376\377\004\037\004\100\004\070\004\065\004\074\004\075\004\070\004\072\000\040\004\075\004\060\000\040\004\076\004\101\004\075\004\076\004\062\004\065\000\040\004\077\004\101\004\065\004\062\004\064\004\076\004\076\004\061\004\100\004\060\004\102\004\075\004\076\004\071\000\040\004\074\004\060\004\102\004\100\004\070\004\106\004\113}{section.2.2}% 10
\BOOKMARK [2][-]{subsection.2.2.2}{\376\377\004\037\004\100\004\070\004\065\004\074\004\075\004\070\004\072\000\040\004\075\004\060\000\040\004\076\004\101\004\075\004\076\004\062\004\065\000\040\004\101\004\076\004\063\004\073\004\060\004\101\004\076\004\062\004\060\004\075\004\075\004\076\004\063\004\076\000\040\004\104\004\070\004\073\004\114\004\102\004\100\004\060}{section.2.2}% 11
\BOOKMARK [1][-]{section.2.3}{\376\377\004\037\004\076\004\070\004\101\004\072\000\040\004\072\004\076\004\115\004\104\004\104\004\070\004\106\004\070\004\065\004\075\004\102\004\076\004\062\000\040\004\077\004\065\004\100\004\065\004\064\004\060\004\107\004\070\000\040\004\077\004\076\004\064\004\075\004\065\004\101\004\103\004\111\004\070\004\105}{chapter.2}% 12
\BOOKMARK [2][-]{subsection.2.3.1}{\376\377\004\037\004\100\004\070\004\061\004\073\004\070\004\066\004\065\004\075\004\075\004\113\004\071\000\040\004\077\004\076\004\073\004\103\000-\004\101\004\073\004\065\004\077\004\076\004\071\000\040\004\077\004\100\004\070\004\065\004\074\004\075\004\070\004\072}{section.2.3}% 13
\BOOKMARK [2][-]{subsection.2.3.2}{\376\377\004\037\004\076\004\073\004\103\000-\004\101\004\073\004\065\004\077\004\076\004\071\000\040\004\077\004\100\004\070\004\065\004\074\004\075\004\070\004\072}{section.2.3}% 14
\BOOKMARK [1][-]{section.2.4}{\376\377\004\037\004\076\004\073\004\103\000-\004\101\004\073\004\065\004\077\004\076\004\071\000\040\004\077\004\100\004\070\004\065\004\074\004\075\004\070\004\072\000\040\004\064\004\073\004\117\000\040\004\076\004\106\004\065\004\075\004\072\004\070\000\040\004\072\004\060\004\075\004\060\004\073\004\060\000\040\004\101\000\040\004\077\004\060\004\074\004\117\004\102\004\114\004\116}{chapter.2}% 15
\BOOKMARK [2][-]{subsection.2.4.1}{\376\377\004\037\004\100\004\070\004\061\004\073\004\070\004\066\004\065\004\075\004\075\004\076\004\065\000\040\004\103\004\101\004\102\004\100\004\060\004\075\004\065\004\075\004\070\004\065\000\040\004\062\004\073\004\070\004\117\004\075\004\070\004\117\000\040\004\072\004\060\004\075\004\060\004\073\004\060}{section.2.4}% 16
\BOOKMARK [2][-]{subsection.2.4.2}{\376\377\004\037\004\076\004\073\004\103\000-\004\101\004\073\004\065\004\077\004\076\004\071\000\040\004\077\004\100\004\070\004\065\004\074\004\075\004\070\004\072}{section.2.4}% 17
\BOOKMARK [1][-]{section.2.5}{\376\377\004\040\004\065\004\067\004\103\004\073\004\114\004\102\004\060\004\102\004\113\000\040\004\074\004\076\004\064\004\065\004\073\004\070\004\100\004\076\004\062\004\060\004\075\004\070\004\117}{chapter.2}% 18
\BOOKMARK [1][-]{section.2.6}{\376\377\004\027\004\060\004\072\004\073\004\116\004\107\004\065\004\075\004\070\004\065}{chapter.2}% 19
\BOOKMARK [0][-]{chapter.3}{\376\377\004\036\004\061\004\076\004\061\004\111\004\065\004\075\004\075\004\076\004\065\000\040\004\107\004\060\004\101\004\102\004\076\004\102\004\075\004\076\004\065\000\040\004\100\004\060\004\067\004\064\004\065\004\073\004\065\004\075\004\070\004\065\000\040\004\072\004\060\004\075\004\060\004\073\004\076\004\062\000\040\004\062\000\040\004\101\004\070\004\101\004\102\004\065\004\074\004\065\000\040\004\101\000\040\004\072\004\076\004\073\004\070\004\107\004\065\004\101\004\102\004\062\004\076\004\074\000\040\004\060\004\075\004\102\004\065\004\075\004\075\000\040\004\061\004\076\004\073\004\114\004\110\004\065\000\040\004\064\004\062\004\103\004\105}{}% 20
\BOOKMARK [1][-]{section.3.1}{\376\377\004\034\004\076\004\064\004\065\004\073\004\114\000\040\004\101\004\070\004\101\004\102\004\065\004\074\004\113}{chapter.3}% 21
\BOOKMARK [1][-]{section.3.2}{\376\377\004\036\004\100\004\102\004\076\004\063\004\076\004\075\004\060\004\073\004\070\004\067\004\060\004\106\004\070\004\117\000\040\004\062\004\073\004\070\004\117\004\075\004\070\004\117\000\040\004\072\004\060\004\075\004\060\004\073\004\060\000\040\004\061\004\065\004\067\000\040\004\107\004\060\004\101\004\102\004\076\004\102\004\075\004\076\004\071\000\040\004\070\004\067\004\061\004\070\004\100\004\060\004\102\004\065\004\073\004\114\004\075\004\076\004\101\004\102\004\070}{chapter.3}% 22
\BOOKMARK [1][-]{section.3.3}{\376\377\004\037\004\076\004\070\004\101\004\072\000\040\004\072\004\076\004\115\004\104\004\104\004\070\004\106\004\070\004\065\004\075\004\102\004\076\004\062\000\040\004\077\004\065\004\100\004\065\004\064\004\060\004\107\004\070\000\040\004\077\004\076\004\064\004\075\004\065\004\101\004\103\004\111\004\070\004\105}{chapter.3}% 23
\BOOKMARK [2][-]{subsection.3.3.1}{\376\377\004\034\004\065\004\102\004\076\004\064\000\040\004\077\004\076\004\070\004\101\004\072\004\060\000\040\004\076\004\101\004\075\004\076\004\062\004\060\004\075\004\075\004\113\004\071\000\040\004\075\004\060\000\040\004\036\004\022\004\036\004\022\000\040\004\074\004\076\004\064\004\065\004\073\004\070}{section.3.3}% 24
\BOOKMARK [2][-]{subsection.3.3.2}{\376\377\004\020\004\073\004\063\004\076\004\100\004\070\004\102\004\074\000\040\004\076\004\101\004\075\004\076\004\062\004\060\004\075\004\075\004\113\004\071\000\040\004\075\004\060\000\040\004\034\004\022\004\034\004\022\000\040\004\074\004\076\004\064\004\065\004\073\004\070}{section.3.3}% 25
\BOOKMARK [2][-]{subsection.3.3.3}{\376\377\004\020\004\073\004\063\004\076\004\100\004\070\004\102\004\074\000\040\004\076\004\101\004\075\004\076\004\062\004\060\004\075\004\075\004\113\004\071\000\040\004\075\004\060\000\040\004\100\004\060\004\067\004\073\004\076\004\066\004\065\004\075\004\070\004\070}{section.3.3}% 26
\BOOKMARK [3][-]{subsubsection.3.3.3.1}{\376\377\004\020\004\075\004\060\004\073\004\070\004\067\000\040\004\100\004\060\004\075\004\063\004\060\000\040\004\062\004\113\004\107\004\070\004\101\004\073\004\065\004\075\004\070\004\071}{subsection.3.3.3}% 27
\BOOKMARK [1][-]{section.3.4}{\376\377\004\037\004\076\004\073\004\103\000-\004\101\004\073\004\065\004\077\004\076\004\071\000\040\004\077\004\100\004\070\004\065\004\074\004\075\004\070\004\072\000\040\004\064\004\073\004\117\000\040\004\101\004\070\004\101\004\102\004\065\004\074\004\113\000\040\004\101\000\040\004\034\004\022\004\034\004\022}{chapter.3}% 28
\BOOKMARK [2][-]{subsection.3.4.1}{\376\377\004\034\004\076\004\064\004\065\004\073\004\114\000\040\004\101\004\070\004\101\004\102\004\065\004\074\004\113\000\040\004\064\004\073\004\117\000\040\004\072\004\060\004\075\004\060\004\073\004\060\000\040\004\101\000\040\004\077\004\060\004\074\004\117\004\102\004\114\004\116}{section.3.4}% 29
\BOOKMARK [3][-]{subsubsection.3.4.1.1}{\376\377\004\034\004\065\004\102\004\076\004\064\000\040\004\075\004\060\004\070\004\074\004\065\004\075\004\114\004\110\004\070\004\105\000\040\004\072\004\062\004\060\004\064\004\100\004\060\004\102\004\076\004\062\000\040\004\064\004\073\004\117\000\040\004\076\004\106\004\065\004\075\004\072\004\070\000\040\004\101\004\076\004\101\004\102\004\076\004\117\004\075\004\070\004\117\000\040\004\072\004\060\004\075\004\060\004\073\004\060}{subsection.3.4.1}% 30
\BOOKMARK [3][-]{subsubsection.3.4.1.2}{\376\377\004\037\004\076\004\073\004\103\000-\004\101\004\073\004\065\004\077\004\076\004\071\000\040\004\077\004\100\004\070\004\065\004\074\004\075\004\070\004\072\000\040\004\064\004\073\004\117\000\040\004\076\004\106\004\065\004\075\004\072\004\070\000\040\004\072\004\060\004\075\004\060\004\073\004\060}{subsection.3.4.1}% 31
\BOOKMARK [3][-]{subsubsection.3.4.1.3}{\376\377\004\037\004\100\004\070\004\061\004\073\004\070\004\066\004\065\004\075\004\075\004\113\004\071\000\040\004\077\004\076\004\073\004\103\000-\004\101\004\073\004\065\004\077\004\076\004\071\000\040\004\077\004\100\004\070\004\065\004\074\004\075\004\070\004\072\000\040\004\075\004\060\000\040\004\076\004\101\004\075\004\076\004\062\004\065\000\040\004\037\004\034\004\035\004\032}{subsection.3.4.1}% 32
\BOOKMARK [3][-]{subsubsection.3.4.1.4}{\376\377\004\037\004\076\004\073\004\103\000-\004\101\004\073\004\065\004\077\004\076\004\071\000\040\004\077\004\100\004\070\004\065\004\074\004\075\004\070\004\072\000\040\004\075\004\060\000\040\004\076\004\101\004\075\004\076\004\062\004\065\000\040\004\037\004\034\004\035\004\032\000\040\004\101\000\040\004\103\004\074\004\065\004\075\004\114\004\110\004\065\004\075\004\070\004\065\004\074\000\040\004\101\004\076\004\061\004\101\004\102\004\062\004\065\004\075\004\075\004\076\004\071\000\040\004\070\004\075\004\102\004\065\004\100\004\104\004\065\004\100\004\065\004\075\004\106\004\070\004\070}{subsection.3.4.1}% 33
\BOOKMARK [3][-]{subsubsection.3.4.1.5}{\376\377\004\040\004\065\004\063\004\103\004\073\004\117\004\100\004\070\004\067\004\060\004\106\004\070\004\117\000\040\004\077\004\076\004\073\004\103\000-\004\101\004\073\004\065\004\077\004\113\004\105\000\040\004\077\004\100\004\070\004\065\004\074\004\075\004\070\004\072\004\076\004\062}{subsection.3.4.1}% 34
\BOOKMARK [3][-]{subsubsection.3.4.1.6}{\376\377\004\037\004\076\004\073\004\103\000-\004\101\004\073\004\065\004\077\004\076\004\071\000\040\004\077\004\100\004\070\004\065\004\074\004\075\004\070\004\072\000\040\004\075\004\060\000\040\004\074\004\065\004\102\004\076\004\064\004\065\000\040\004\035\004\114\004\116\004\102\004\076\004\075\004\060}{subsection.3.4.1}% 35
\BOOKMARK [1][-]{section.3.5}{\376\377\004\040\004\065\004\067\004\103\004\073\004\114\004\102\004\060\004\102\004\113\000\040\004\074\004\076\004\064\004\065\004\073\004\070\004\100\004\076\004\062\004\060\004\075\004\070\004\117}{chapter.3}% 36
\BOOKMARK [1][-]{section.3.6}{\376\377\004\027\004\060\004\072\004\073\004\116\004\107\004\065\004\075\004\070\004\065}{chapter.3}% 37
\BOOKMARK [0][-]{chapter.4}{\376\377\004\027\004\060\004\072\004\073\004\116\004\107\004\065\004\075\004\070\004\065}{}% 38
\BOOKMARK [0][-]{chapter.4}{\376\377\004\041\004\077\004\070\004\101\004\076\004\072\000\040\004\073\004\070\004\102\004\065\004\100\004\060\004\102\004\103\004\100\004\113}{}% 39
\BOOKMARK [0][-]{chapter.4}{\376\377\004\033\004\070\004\102\004\065\004\100\004\060\004\102\004\103\004\100\004\060}{}% 40
